// Jest Snapshot v1, https://goo.gl/fbAQLP

exports[`Drafts component should correspond to its snapshot counterpart 1`] = `
<div>
  <h1>
    This is drafts!
  </h1>
</div>
`;
