// Jest Snapshot v1, https://goo.gl/fbAQLP

exports[`Important component should correspond to its snapshot counterpart 1`] = `
<div>
  <h1>
    This is imporant!
  </h1>
</div>
`;
