// Jest Snapshot v1, https://goo.gl/fbAQLP

exports[`AllMail component should correspond to its snapshot counterpart 1`] = `
<div>
  <h1>
    This is All Mail!
  </h1>
</div>
`;
