// Jest Snapshot v1, https://goo.gl/fbAQLP

exports[`SentMail component should correspond to its snapshot counterpart 1`] = `
<div>
  <h1>
    This is sent box!
  </h1>
</div>
`;
